// Jest Snapshot v1, https://goo.gl/fbAQLP

exports[`loading view show loading view on dom 1`] = `"<div>Loading ...</div>"`;
